// Jest Snapshot v1, https://goo.gl/fbAQLP

exports[`getStrings Saga should call the submitError action if the response errors 1`] = `
Object {
  "@@redux-saga/IO": true,
  "combinator": false,
  "payload": Object {
    "args": Array [
      "http://localhost:3001/strings",
      Object {
        "body": "{\\"string\\":\\"string\\"}",
        "headers": Object {
          "Accept": "application/json",
          "Content-Type": "application/json",
        },
        "method": "POST",
      },
    ],
    "context": null,
    "fn": [Function],
  },
  "type": "CALL",
}
`;

exports[`getStrings Saga should dispatch the stringsLoaded action if it requests the data successfully 1`] = `
Object {
  "@@redux-saga/IO": true,
  "combinator": false,
  "payload": Object {
    "args": Array [
      "http://localhost:3001/strings",
      Object {
        "body": "{\\"string\\":\\"string\\"}",
        "headers": Object {
          "Accept": "application/json",
          "Content-Type": "application/json",
        },
        "method": "POST",
      },
    ],
    "context": null,
    "fn": [Function],
  },
  "type": "CALL",
}
`;
